// Jest Snapshot v1, https://goo.gl/fbAQLP

exports[`getSizeMap matches the snapshot 1`] = `
Map {
  "webpack:///webpack/bootstrap" => 914,
  "[no source]" => 21829,
  "webpack:///node_modules/react/index.js" => 18,
  "webpack:///node_modules/tslib/tslib.es6.js" => 1314,
  "webpack:///node_modules/office-ui-fabric-react/lib/version.js" => 47,
  "webpack:///node_modules/office-ui-fabric-react/lib/Utilities.js" => 7635,
  "webpack:///node_modules/roosterjs-editor-dom/lib/index.js" => 2461,
  "webpack:///node_modules/@uifabric/styling/lib/utilities/buildClassMap.js" => 223,
  "webpack:///node_modules/@uifabric/styling/lib/utilities/icons.js" => 1842,
  "webpack:///node_modules/@uifabric/styling/lib/utilities/getIconClassName.js" => 161,
  "webpack:///node_modules/@uifabric/styling/lib/styles/AnimationStyles.js" => 2986,
  "webpack:///node_modules/@uifabric/styling/lib/styles/DefaultPalette.js" => 1126,
  "webpack:///node_modules/@uifabric/styling/lib/styles/fonts.js" => 2852,
  "webpack:///node_modules/@uifabric/styling/lib/styles/DefaultEffects.js" => 382,
  "webpack:///node_modules/@uifabric/styling/lib/styles/DefaultFontStyles.js" => 1297,
  "webpack:///node_modules/@uifabric/styling/lib/styles/CommonStyles.js" => 357,
  "webpack:///node_modules/@uifabric/styling/lib/styles/zIndexes.js" => 121,
  "webpack:///node_modules/@uifabric/styling/lib/styles/getFocusStyle.js" => 1050,
  "webpack:///node_modules/@uifabric/styling/lib/styles/hiddenContentStyle.js" => 93,
  "webpack:///node_modules/@uifabric/styling/lib/styles/PulsingBeaconAnimationStyles.js" => 899,
  "webpack:///node_modules/@uifabric/styling/lib/styles/getGlobalClassNames.js" => 218,
  "webpack:///node_modules/@uifabric/styling/lib/styles/scheme.js" => 331,
  "webpack:///node_modules/@uifabric/styling/lib/styles/theme.js" => 4892,
  "webpack:///node_modules/@uifabric/styling/lib/styles/DefaultSpacing.js" => 52,
  "webpack:///node_modules/@uifabric/styling/lib/styles/GeneralStyles.js" => 135,
  "webpack:///node_modules/@uifabric/styling/lib/styles/getFadedOverflowStyle.js" => 795,
  "webpack:///node_modules/@uifabric/styling/lib/styles/getPlaceholderStyles.js" => 108,
  "webpack:///node_modules/@uifabric/styling/lib/classNames/AnimationClassNames.js" => 13,
  "webpack:///node_modules/@uifabric/styling/lib/classNames/FontClassNames.js" => 9,
  "webpack:///node_modules/@uifabric/styling/lib/classNames/ColorClassNames.js" => 459,
  "webpack:///node_modules/@uifabric/styling/lib/version.js" => 42,
  "webpack:///node_modules/@uifabric/styling/lib/index.js" => 3040,
  "webpack:///node_modules/office-ui-fabric-react/lib/common/DirectionalHint.js" => 260,
  "webpack:///node_modules/@uifabric/utilities/lib/focus.js" => 2981,
  "webpack:///node_modules/@uifabric/utilities/lib/dom/getWindow.js" => 209,
  "webpack:///node_modules/office-ui-fabric-react/lib/components/Image/Image.types.js" => 505,
  "webpack:///node_modules/@uifabric/utilities/lib/KeyCodes.js" => 959,
  "webpack:///node_modules/@uifabric/merge-styles/lib/version.js" => 46,
  "webpack:///node_modules/@uifabric/merge-styles/lib/index.js" => 289,
  "webpack:///node_modules/@uifabric/utilities/lib/properties.js" => 3594,
  "webpack:///node_modules/@uifabric/merge-styles/lib/Stylesheet.js" => 2980,
  "webpack:///node_modules/@uifabric/utilities/lib/dom/getDocument.js" => 161,
  "webpack:///node_modules/office-ui-fabric-react/lib/components/FocusZone/FocusZone.types.js" => 251,
  "webpack:///node_modules/office-ui-fabric-react/lib/utilities/keytips/KeytipConstants.js" => 636,
  "webpack:///node_modules/office-ui-fabric-react/lib/components/Button/BaseButton.classNames.js" => 2148,
  "webpack:///node_modules/roosterjs-editor-core/lib/index.js" => 767,
  "webpack:///node_modules/@uifabric/utilities/lib/dom/getParent.js" => 141,
  "webpack:///node_modules/office-ui-fabric-react/lib/components/ContextualMenu/ContextualMenu.types.js" => 204,
  "webpack:///packages/roosterjs-react-common/lib/index.ts" => 751,
  "webpack:///node_modules/@uifabric/utilities/lib/EventGroup.js" => 3041,
  "webpack:///node_modules/@uifabric/utilities/lib/dom/elementContains.js" => 210,
  "webpack:///node_modules/roosterjs-editor-api/lib/index.js" => 1552,
  "webpack:///node_modules/@uifabric/utilities/lib/customizations/Customizations.js" => 990,
  "webpack:///node_modules/office-ui-fabric-react/lib/components/Button/SplitButton/SplitButton.classNames.js" => 779,
  "webpack:///node_modules/office-ui-fabric-react/lib/components/Button/BaseButton.js" => 12676,
  "webpack:///node_modules/office-ui-fabric-react/lib/components/Button/BaseButton.styles.js" => 1473,
  "webpack:///node_modules/office-ui-fabric-react/lib/utilities/decorators/withResponsiveMode.js" => 1392,
  "webpack:///node_modules/office-ui-fabric-react/lib/utilities/decorators/BaseDecorator.js" => 357,
  "webpack:///node_modules/roosterjs-editor-dom/lib/utils/contains.js" => 259,
  "webpack:///node_modules/roosterjs-editor-dom/lib/utils/getTagOfNode.js" => 124,
  "webpack:///node_modules/@uifabric/utilities/lib/object.js" => 924,
  "webpack:///node_modules/office-ui-fabric-react/lib/components/ContextualMenu/ContextualMenuItem.js" => 124,
  "webpack:///node_modules/@microsoft/load-themed-styles/lib/index.js" => 3197,
  "webpack:///node_modules/@uifabric/merge-styles/lib/StyleOptionsState.js" => 285,
  "webpack:///node_modules/office-ui-fabric-react/lib/components/Icon/Icon.styles.js" => 465,
  "webpack:///node_modules/@uifabric/utilities/lib/rtl.js" => 558,
  "webpack:///node_modules/@uifabric/utilities/lib/sessionStorage.js" => 145,
  "webpack:///node_modules/roosterjs-editor-dom/lib/selection/Position.js" => 1437,
  "webpack:///node_modules/@uifabric/utilities/lib/customizations/CustomizerContext.js" => 137,
  "webpack:///node_modules/@uifabric/utilities/lib/getId.js" => 232,
  "webpack:///node_modules/@uifabric/merge-styles/lib/getVendorSettings.js" => 432,
  "webpack:///node_modules/@uifabric/merge-styles/lib/transforms/kebabRules.js" => 85,
  "webpack:///node_modules/@uifabric/merge-styles/lib/transforms/prefixRules.js" => 207,
  "webpack:///node_modules/@uifabric/merge-styles/lib/transforms/provideUnits.js" => 239,
  "webpack:///node_modules/@uifabric/merge-styles/lib/transforms/rtlifyRules.js" => 873,
  "webpack:///node_modules/@uifabric/merge-styles/lib/styleToClassName.js" => 2691,
  "webpack:///node_modules/@uifabric/utilities/lib/memoize.js" => 918,
  "webpack:///node_modules/@uifabric/utilities/lib/dom/on.js" => 136,
  "webpack:///node_modules/roosterjs-editor-dom/lib/blockElements/getBlockElementAtNode.js" => 788,
  "webpack:///node_modules/roosterjs-editor-api/lib/utils/execCommand.js" => 487,
  "webpack:///node_modules/@uifabric/utilities/lib/dom/getRect.js" => 217,
  "webpack:///node_modules/@uifabric/utilities/lib/AutoScroll.js" => 1334,
  "webpack:///node_modules/@uifabric/utilities/lib/FabricPerformance.js" => 539,
  "webpack:///node_modules/@uifabric/utilities/lib/asAsync.js" => 727,
  "webpack:///node_modules/@uifabric/utilities/lib/assertNever.js" => 55,
  "webpack:///node_modules/@uifabric/utilities/lib/customizations/mergeCustomizations.js" => 246,
  "webpack:///node_modules/@uifabric/utilities/lib/customizations/Customizer.js" => 573,
  "webpack:///node_modules/@uifabric/utilities/lib/dom/getChildren.js" => 177,
  "webpack:///node_modules/@uifabric/utilities/lib/initials.js" => 760,
  "webpack:///node_modules/@uifabric/utilities/lib/math.js" => 545,
  "webpack:///node_modules/@uifabric/utilities/lib/resources.js" => 53,
  "webpack:///node_modules/@uifabric/utilities/lib/selection/Selection.types.js" => 207,
  "webpack:///node_modules/@uifabric/utilities/lib/safeRequestAnimationFrame.js" => 232,
  "webpack:///node_modules/@uifabric/utilities/lib/safeSetTimeout.js" => 218,
  "webpack:///node_modules/@uifabric/utilities/lib/selection/Selection.js" => 6045,
  "webpack:///node_modules/@uifabric/utilities/lib/string.js" => 201,
  "webpack:///node_modules/@uifabric/utilities/lib/ie11Detector.js" => 149,
  "webpack:///node_modules/@uifabric/utilities/lib/setFocusVisibility.js" => 149,
  "webpack:///node_modules/@uifabric/utilities/lib/version.js" => 44,
  "webpack:///node_modules/@uifabric/utilities/lib/index.js" => 5628,
  "webpack:///node_modules/office-ui-fabric-react/lib/FocusZone.js" => 158,
  "webpack:///node_modules/@uifabric/utilities/lib/extendComponent.js" => 132,
  "webpack:///node_modules/office-ui-fabric-react/lib/components/Button/SplitButton/SplitButton.styles.js" => 2648,
  "webpack:///node_modules/@uifabric/set-version/lib/setVersion.js" => 160,
  "webpack:///node_modules/@uifabric/set-version/lib/index.js" => 70,
  "webpack:///node_modules/react-dom/index.js" => 226,
  "webpack:///node_modules/roosterjs-editor-dom/lib/selection/createRange.js" => 901,
  "webpack:///node_modules/@uifabric/utilities/lib/warn/warn.js" => 139,
  "webpack:///node_modules/@uifabric/merge-styles/lib/concatStyleSets.js" => 797,
  "webpack:///node_modules/office-ui-fabric-react/lib/components/Tooltip/Tooltip.types.js" => 126,
  "webpack:///node_modules/roosterjs-html-sanitizer/lib/index.js" => 210,
  "webpack:///node_modules/office-ui-fabric-react/lib/components/Button/Button.types.js" => 261,
  "webpack:///node_modules/office-ui-fabric-react/lib/components/Button/ButtonThemes.js" => 4101,
  "webpack:///node_modules/office-ui-fabric-react/lib/components/Button/DefaultButton/DefaultButton.styles.js" => 213,
  "webpack:///node_modules/office-ui-fabric-react/lib/components/Button/DefaultButton/DefaultButton.js" => 446,
  "webpack:///node_modules/office-ui-fabric-react/lib/components/Button/ActionButton/ActionButton.styles.js" => 888,
  "webpack:///node_modules/office-ui-fabric-react/lib/components/Button/ActionButton/ActionButton.js" => 410,
  "webpack:///node_modules/office-ui-fabric-react/lib/components/Button/CompoundButton/CompoundButton.styles.js" => 1474,
  "webpack:///node_modules/office-ui-fabric-react/lib/components/Button/CompoundButton/CompoundButton.js" => 432,
  "webpack:///node_modules/office-ui-fabric-react/lib/components/Button/PrimaryButton/PrimaryButton.js" => 312,
  "webpack:///node_modules/office-ui-fabric-react/lib/components/Button/Button.js" => 590,
  "webpack:///node_modules/office-ui-fabric-react/lib/components/Button/CommandButton/CommandButton.js" => 4,
  "webpack:///node_modules/office-ui-fabric-react/lib/components/Button/MessageBarButton/MessageBarButton.styles.js" => 293,
  "webpack:///node_modules/office-ui-fabric-react/lib/components/Button/MessageBarButton/MessageBarButton.js" => 315,
  "webpack:///node_modules/office-ui-fabric-react/lib/Button.js" => 547,
  "webpack:///node_modules/roosterjs-editor-dom/lib/inlineElements/getInlineElementAtNode.js" => 419,
  "webpack:///node_modules/roosterjs-editor-dom/lib/utils/getLeafSibling.js" => 541,
  "webpack:///node_modules/@uifabric/utilities/lib/dom/setSSR.js" => 97,
  "webpack:///node_modules/@uifabric/utilities/lib/dom/isVirtualElement.js" => 72,
  "webpack:///node_modules/@uifabric/utilities/lib/dom/findElementRecursive.js" => 124,
  "webpack:///node_modules/@uifabric/utilities/lib/Async.js" => 4306,
  "webpack:///node_modules/office-ui-fabric-react/lib/components/Divider/VerticalDivider.classNames.js" => 208,
  "webpack:///node_modules/office-ui-fabric-react/lib/components/ContextualMenu/ContextualMenu.classNames.js" => 2914,
  "webpack:///node_modules/@uifabric/utilities/lib/classNamesFunction.js" => 903,
  "webpack:///node_modules/@uifabric/utilities/lib/array.js" => 969,
  "webpack:///node_modules/roosterjs-editor-dom/lib/utils/isNodeAfter.js" => 128,
  "webpack:///node_modules/roosterjs-editor-dom/lib/utils/splitParentNode.js" => 626,
  "webpack:///node_modules/roosterjs-editor-api/lib/utils/applyInlineStyle.js" => 725,
  "webpack:///node_modules/office-ui-fabric-react/lib/Icon.js" => 328,
  "webpack:///node_modules/office-ui-fabric-react/lib/Callout.js" => 164,
  "webpack:///node_modules/@uifabric/merge-styles/lib/mergeStyles.js" => 305,
  "webpack:///node_modules/@uifabric/utilities/lib/customizations/mergeSettings.js" => 430,
  "webpack:///node_modules/@uifabric/utilities/lib/dom/setPortalAttribute.js" => 137,
  "webpack:///node_modules/office-ui-fabric-react/lib/components/Tooltip/TooltipHost.types.js" => 107,
  "webpack:///node_modules/office-ui-fabric-react/lib/components/Icon/Icon.types.js" => 164,
  "webpack:///node_modules/office-ui-fabric-react/lib/utilities/positioning/positioning.types.js" => 212,
  "webpack:///node_modules/office-ui-fabric-react/lib/utilities/positioning/positioning.js" => 6101,
  "webpack:///node_modules/office-ui-fabric-react/lib/components/Callout/CalloutContent.base.js" => 9210,
  "webpack:///node_modules/office-ui-fabric-react/lib/components/Callout/CalloutContent.styles.js" => 1271,
  "webpack:///node_modules/office-ui-fabric-react/lib/components/Callout/CalloutContent.js" => 47,
  "webpack:///node_modules/office-ui-fabric-react/lib/components/Callout/Callout.js" => 331,
  "webpack:///node_modules/office-ui-fabric-react/lib/components/Image/Image.styles.js" => 1795,
  "webpack:///node_modules/office-ui-fabric-react/lib/components/Image/Image.js" => 80,
  "webpack:///node_modules/@uifabric/utilities/lib/initializeComponentRef.js" => 425,
  "webpack:///node_modules/@uifabric/utilities/lib/css.js" => 335,
  "webpack:///node_modules/office-ui-fabric-react/lib/components/Icon/Icon.js" => 113,
  "webpack:///node_modules/office-ui-fabric-react/lib/components/ContextualMenu/ContextualMenu.cnstyles.js" => 3301,
  "webpack:///node_modules/roosterjs-editor-dom/lib/utils/wrap.js" => 387,
  "webpack:///node_modules/roosterjs-editor-dom/lib/utils/findClosestElementAncestor.js" => 307,
  "webpack:///node_modules/roosterjs-editor-dom/lib/inlineElements/NodeInlineElement.js" => 1022,
  "webpack:///node_modules/roosterjs-editor-dom/lib/utils/getComputedStyles.js" => 569,
  "webpack:///node_modules/roosterjs-editor-dom/lib/inlineElements/PartialInlineElement.js" => 1737,
  "webpack:///packages/roosterjs-react-emoji/lib/utils/emojiList.ts" => 8380,
  "webpack:///node_modules/office-ui-fabric-react/lib/Tooltip.js" => 336,
  "webpack:///node_modules/@uifabric/utilities/lib/GlobalSettings.js" => 635,
  "webpack:///node_modules/@uifabric/merge-styles/lib/mergeStyleSets.js" => 667,
  "webpack:///node_modules/@uifabric/utilities/lib/initializeFocusRects.js" => 534,
  "webpack:///node_modules/@uifabric/utilities/lib/keyboard.js" => 272,
  "webpack:///node_modules/@uifabric/utilities/lib/dom/getVirtualParent.js" => 118,
  "webpack:///node_modules/@uifabric/utilities/lib/dom/elementContainsAttribute.js" => 153,
  "webpack:///node_modules/@uifabric/utilities/lib/appendFunction.js" => 251,
  "webpack:///node_modules/@uifabric/utilities/lib/warn/warnDeprecations.js" => 54,
  "webpack:///node_modules/@uifabric/utilities/lib/warn/warnMutuallyExclusive.js" => 54,
  "webpack:///node_modules/@uifabric/utilities/lib/warn/warnConditionallyRequiredProps.js" => 65,
  "webpack:///node_modules/office-ui-fabric-react/lib/components/Tooltip/TooltipHost.base.js" => 3542,
  "webpack:///node_modules/office-ui-fabric-react/lib/components/Tooltip/Tooltip.base.js" => 1178,
  "webpack:///node_modules/@uifabric/utilities/lib/scroll.js" => 1747,
  "webpack:///node_modules/@uifabric/utilities/lib/hoistStatics.js" => 108,
  "webpack:///node_modules/office-ui-fabric-react/lib/components/Icon/Icon.base.js" => 1244,
  "webpack:///node_modules/office-ui-fabric-react/lib/components/Icon/FontIcon.js" => 686,
  "webpack:///node_modules/office-ui-fabric-react/lib/components/ContextualMenu/ContextualMenuItem.base.js" => 1537,
  "webpack:///node_modules/office-ui-fabric-react/lib/components/ContextualMenu/ContextualMenuItemWrapper/ContextualMenuItemWrapper.js" => 761,
  "webpack:///node_modules/office-ui-fabric-react/lib/components/ContextualMenu/ContextualMenuItemWrapper/ContextualMenuAnchor.js" => 1746,
  "webpack:///node_modules/office-ui-fabric-react/lib/components/ContextualMenu/ContextualMenuItemWrapper/ContextualMenuButton.js" => 1741,
  "webpack:///node_modules/office-ui-fabric-react/lib/components/Divider/VerticalDivider.base.js" => 232,
  "webpack:///node_modules/office-ui-fabric-react/lib/components/Divider/VerticalDivider.js" => 44,
  "webpack:///node_modules/office-ui-fabric-react/lib/components/Divider/VerticalDivider.styles.js" => 340,
  "webpack:///node_modules/office-ui-fabric-react/lib/components/ContextualMenu/ContextualMenuItemWrapper/ContextualMenuSplitButton.js" => 4810,
  "webpack:///node_modules/office-ui-fabric-react/lib/components/ContextualMenu/ContextualMenu.base.js" => 17538,
  "webpack:///node_modules/office-ui-fabric-react/lib/components/Button/IconButton/IconButton.styles.js" => 746,
  "webpack:///node_modules/office-ui-fabric-react/lib/components/Button/IconButton/IconButton.js" => 443,
  "webpack:///node_modules/office-ui-fabric-react/lib/components/Tooltip/Tooltip.js" => 79,
  "webpack:///node_modules/office-ui-fabric-react/lib/components/Tooltip/Tooltip.styles.js" => 706,
  "webpack:///node_modules/@uifabric/utilities/lib/styled.js" => 1302,
  "webpack:///node_modules/@uifabric/merge-styles/lib/extractStyleParts.js" => 435,
  "webpack:///node_modules/@uifabric/utilities/lib/dom/portalContainsElement.js" => 179,
  "webpack:///node_modules/office-ui-fabric-react/lib/utilities/keytips/KeytipManager.js" => 1983,
  "webpack:///node_modules/office-ui-fabric-react/lib/utilities/contextualMenu/contextualMenuUtility.js" => 347,
  "webpack:///node_modules/office-ui-fabric-react/lib/ContextualMenu.js" => 425,
  "webpack:///node_modules/roosterjs-editor-dom/lib/blockElements/NodeBlockElement.js" => 606,
  "webpack:///node_modules/roosterjs-editor-dom/lib/utils/collapseNodes.js" => 543,
  "webpack:///node_modules/roosterjs-editor-dom/lib/utils/isBlockElement.js" => 411,
  "webpack:///node_modules/roosterjs-editor-dom/lib/utils/isVoidHtmlElement.js" => 222,
  "webpack:///node_modules/roosterjs-editor-dom/lib/contentTraverser/ContentTraverser.js" => 2230,
  "webpack:///node_modules/roosterjs-editor-dom/lib/utils/applyTextStyle.js" => 962,
  "webpack:///node_modules/roosterjs-editor-dom/lib/utils/splitTextNode.js" => 245,
  "webpack:///node_modules/roosterjs-editor-dom/lib/utils/shouldSkipNode.js" => 230,
  "webpack:///node_modules/roosterjs-editor-dom/lib/inlineElements/getInlineElementBeforeAfter.js" => 575,
  "webpack:///node_modules/roosterjs-editor-dom/lib/utils/isNodeEmpty.js" => 379,
  "webpack:///node_modules/roosterjs-editor-dom/lib/snapshots/canMoveCurrentSnapshot.js" => 132,
  "webpack:///node_modules/roosterjs-editor-core/lib/eventApi/cacheGetEventData.js" => 237,
  "webpack:///node_modules/roosterjs-editor-api/lib/utils/processList.js" => 1092,
  "webpack:///packages/roosterjs-react-common/lib/utils/ImageManager.ts" => 2421,
  "webpack:///node_modules/@uifabric/utilities/lib/controlled.js" => 85,
  "webpack:///node_modules/office-ui-fabric-react/lib/components/Icon/index.js" => 316,
  "webpack:///node_modules/office-ui-fabric-react/lib/components/Callout/FocusTrapCallout.js" => 127,
  "webpack:///node_modules/office-ui-fabric-react/lib/components/Callout/index.js" => 107,
  "webpack:///node_modules/@uifabric/merge-styles/lib/concatStyleSetsWithProps.js" => 266,
  "webpack:///node_modules/@uifabric/utilities/lib/dom/raiseClick.js" => 237,
  "webpack:///node_modules/@uifabric/utilities/lib/overflow.js" => 235,
  "webpack:///node_modules/office-ui-fabric-react/lib/components/Image/Image.base.js" => 2913,
  "webpack:///node_modules/@uifabric/utilities/lib/BaseComponent.js" => 2578,
  "webpack:///node_modules/@uifabric/utilities/lib/initializeDir.js" => 179,
  "webpack:///node_modules/roosterjs-editor-plugins/lib/index.js" => 341,
  "webpack:///packages/roosterjs-react-editor/lib/index.ts" => 167,
  "webpack:///node_modules/object-assign/index.js" => 911,
  "webpack:///node_modules/roosterjs-html-sanitizer/lib/utils/cloneObject.js" => 234,
  "webpack:///node_modules/roosterjs-html-sanitizer/lib/utils/getInheritableStyles.js" => 567,
  "webpack:///node_modules/roosterjs-html-sanitizer/lib/utils/htmlToDom.js" => 514,
  "webpack:///node_modules/roosterjs-editor-dom/lib/blockElements/StartEndBlockElement.js" => 1243,
  "webpack:///node_modules/roosterjs-editor-dom/lib/utils/fromHtml.js" => 153,
  "webpack:///node_modules/roosterjs-editor-dom/lib/blockElements/getFirstLastBlockElement.js" => 284,
  "webpack:///node_modules/roosterjs-editor-dom/lib/inlineElements/ImageInlineElement.js" => 494,
  "webpack:///node_modules/roosterjs-editor-dom/lib/inlineElements/LinkInlineElement.js" => 494,
  "webpack:///node_modules/roosterjs-editor-dom/lib/inlineElements/getFirstLastInlineElement.js" => 257,
  "webpack:///node_modules/roosterjs-editor-dom/lib/utils/getLeafNode.js" => 314,
  "webpack:///node_modules/roosterjs-editor-dom/lib/inlineElements/EmptyInlineElement.js" => 663,
  "webpack:///node_modules/roosterjs-editor-dom/lib/utils/Browser.js" => 643,
  "webpack:///node_modules/roosterjs-editor-dom/lib/utils/changeElementTag.js" => 485,
  "webpack:///node_modules/roosterjs-editor-dom/lib/selection/isPositionAtBeginningOf.js" => 332,
  "webpack:///node_modules/roosterjs-editor-dom/lib/utils/queryElements.js" => 500,
  "webpack:///node_modules/roosterjs-editor-dom/lib/utils/unwrap.js" => 193,
  "webpack:///node_modules/roosterjs-editor-dom/lib/table/VTable.js" => 5200,
  "webpack:///node_modules/roosterjs-editor-dom/lib/selection/getSelectionPath.js" => 645,
  "webpack:///node_modules/roosterjs-editor-dom/lib/snapshots/clearProceedingSnapshots.js" => 239,
  "webpack:///node_modules/roosterjs-editor-core/lib/corePlugins/CopyPlugin.js" => 872,
  "webpack:///node_modules/roosterjs-editor-core/lib/darkMode/getColorNormalizedContent.js" => 794,
  "webpack:///node_modules/roosterjs-editor-core/lib/corePlugins/DOMEventPlugin.js" => 2312,
  "webpack:///node_modules/roosterjs-editor-core/lib/corePlugins/EditPlugin.js" => 1438,
  "webpack:///node_modules/roosterjs-editor-core/lib/corePlugins/FirefoxTypeAfterLink.js" => 607,
  "webpack:///node_modules/roosterjs-editor-core/lib/eventApi/cacheGetContentSearcher.js" => 263,
  "webpack:///node_modules/roosterjs-editor-core/lib/eventApi/clearEventDataCache.js" => 159,
  "webpack:///node_modules/roosterjs-editor-core/lib/corePlugins/MouseUpPlugin.js" => 792,
  "webpack:///node_modules/roosterjs-editor-core/lib/corePlugins/TypeInContainerPlugin.js" => 1493,
  "webpack:///node_modules/roosterjs-editor-core/lib/undo/Undo.js" => 2341,
  "webpack:///node_modules/roosterjs-editor-core/lib/eventApi/isCharacterValue.js" => 130,
  "webpack:///node_modules/roosterjs-editor-core/lib/eventApi/isModifierKey.js" => 193,
  "webpack:///node_modules/roosterjs-editor-core/lib/coreAPI/calculateDefaultFormat.js" => 845,
  "webpack:///node_modules/roosterjs-editor-core/lib/coreAPI/hasFocus.js" => 156,
  "webpack:///node_modules/roosterjs-editor-api/lib/utils/collapseSelectedBlocks.js" => 435,
  "webpack:///node_modules/roosterjs-editor-api/lib/format/setBackgroundColor.js" => 348,
  "webpack:///node_modules/roosterjs-editor-api/lib/format/setFontName.js" => 154,
  "webpack:///node_modules/roosterjs-editor-api/lib/format/setFontSize.js" => 236,
  "webpack:///node_modules/roosterjs-editor-api/lib/format/setTextColor.js" => 328,
  "webpack:///node_modules/roosterjs-editor-api/lib/format/toggleBold.js" => 105,
  "webpack:///node_modules/roosterjs-editor-api/lib/format/toggleItalic.js" => 107,
  "webpack:///node_modules/roosterjs-editor-api/lib/format/toggleUnderline.js" => 110,
  "webpack:///node_modules/roosterjs-editor-api/lib/utils/toggleTagCore.js" => 1015,
  "webpack:///node_modules/roosterjs-editor-plugins/lib/ContentEdit/ContentEditFeatures.js" => 654,
  "webpack:///node_modules/roosterjs-editor-plugins/lib/Paste/wordConverter/CustomData.js" => 465,
  "webpack:///node_modules/roosterjs-editor-plugins/lib/Paste/wordConverter/LevelLists.js" => 129,
  "webpack:///packages/roosterjs-react-common/lib/utils/ReactUtil.ts" => 468,
  "webpack:///packages/roosterjs-react-common/lib/resources/Images.ts" => 551,
  "webpack:///node_modules/@uifabric/merge-styles/lib/fontFace.js" => 158,
  "webpack:///node_modules/@uifabric/merge-styles/lib/keyframes.js" => 322,
  "webpack:///node_modules/@uifabric/utilities/lib/merge.js" => 360,
  "webpack:///node_modules/office-ui-fabric-react/lib/components/FocusZone/FocusZone.js" => 12753,
  "webpack:///node_modules/@uifabric/utilities/lib/Rectangle.js" => 751,
  "webpack:///node_modules/@uifabric/utilities/lib/dom/setVirtualParent.js" => 314,
  "webpack:///node_modules/@uifabric/utilities/lib/customizations/customizable.js" => 933,
  "webpack:///node_modules/office-ui-fabric-react/lib/components/Icon/ImageIcon.js" => 364,
  "webpack:///node_modules/@uifabric/utilities/lib/osDetector.js" => 173,
  "webpack:///node_modules/@uifabric/utilities/lib/mobileDetector.js" => 170,
  "webpack:///node_modules/@uifabric/utilities/lib/hoist.js" => 640,
  "webpack:///node_modules/@uifabric/utilities/lib/aria.js" => 185,
  "webpack:///node_modules/@uifabric/utilities/lib/DelayedRender.js" => 536,
  "webpack:///node_modules/@uifabric/utilities/lib/warn/warnControlledUsage.js" => 99,
  "webpack:///packages/roosterjs-react-command-bar/lib/utils/getIconOnRenderDelegate.tsx" => 1431,
  "webpack:///packages/roosterjs-react-command-bar/lib/utils/OutOfBoxCommandBarButtons.tsx" => 7439,
  "webpack:///packages/roosterjs-react-command-bar/lib/components/LinkDialog.tsx" => 2348,
  "webpack:///packages/roosterjs-react-emoji/lib/utils/searchEmojis.ts" => 458,
  "webpack:///packages/roosterjs-react-emoji/lib/components/emoji.scss.g.ts" => 1634,
  "webpack:///node_modules/office-ui-fabric-react/lib/components/Label/Label.base.js" => 427,
  "webpack:///node_modules/office-ui-fabric-react/lib/components/Label/Label.js" => 36,
  "webpack:///node_modules/office-ui-fabric-react/lib/components/Label/Label.styles.js" => 507,
  "webpack:///node_modules/office-ui-fabric-react/lib/components/TextField/TextField.base.js" => 8702,
  "webpack:///node_modules/office-ui-fabric-react/lib/components/TextField/TextField.styles.js" => 4691,
  "webpack:///node_modules/office-ui-fabric-react/lib/components/TextField/TextField.js" => 44,
  "webpack:///node_modules/office-ui-fabric-react/lib/components/TextField/MaskedTextField/inputMask.js" => 1370,
  "webpack:///node_modules/office-ui-fabric-react/lib/components/TextField/MaskedTextField/MaskedTextField.js" => 5076,
  "webpack:///node_modules/office-ui-fabric-react/lib/TextField.js" => 181,
  "webpack:///node_modules/office-ui-fabric-react/lib/components/Button/CommandBarButton/CommandBarButton.styles.js" => 2756,
  "webpack:///node_modules/office-ui-fabric-react/lib/components/Button/CommandBarButton/CommandBarButton.js" => 438,
  "webpack:///node_modules/@uifabric/utilities/lib/language.js" => 359,
  "webpack:///node_modules/@uifabric/utilities/lib/localStorage.js" => 181,
  "webpack:///node_modules/office-ui-fabric-react/lib/components/Tooltip/TooltipHost.styles.js" => 199,
  "webpack:///node_modules/office-ui-fabric-react/lib/components/Tooltip/TooltipHost.js" => 83,
  "webpack:///node_modules/office-ui-fabric-react/lib/components/ContextualMenu/ContextualMenu.js" => 177,
  "webpack:///node_modules/office-ui-fabric-react/lib/components/ContextualMenu/ContextualMenu.styles.js" => 1011,
  "webpack:///node_modules/office-ui-fabric-react/lib/components/Dialog/DialogContent.types.js" => 103,
  "webpack:///node_modules/office-ui-fabric-react/lib/components/Modal/Modal.styles.js" => 1529,
  "webpack:///node_modules/office-ui-fabric-react/lib/components/Overlay/Overlay.base.js" => 456,
  "webpack:///node_modules/office-ui-fabric-react/lib/components/Overlay/Overlay.styles.js" => 465,
  "webpack:///node_modules/office-ui-fabric-react/lib/components/Overlay/Overlay.js" => 38,
  "webpack:///node_modules/office-ui-fabric-react/lib/utilities/DraggableZone/DraggableZone.styles.js" => 132,
  "webpack:///node_modules/office-ui-fabric-react/lib/utilities/DraggableZone/DraggableZone.js" => 3949,
  "webpack:///node_modules/office-ui-fabric-react/lib/components/Modal/Modal.base.js" => 5737,
  "webpack:///node_modules/office-ui-fabric-react/lib/components/Modal/Modal.js" => 36,
  "webpack:///node_modules/office-ui-fabric-react/lib/components/Dialog/DialogFooter.base.js" => 596,
  "webpack:///node_modules/office-ui-fabric-react/lib/components/Dialog/DialogFooter.styles.js" => 475,
  "webpack:///node_modules/office-ui-fabric-react/lib/components/Dialog/DialogFooter.js" => 43,
  "webpack:///node_modules/office-ui-fabric-react/lib/components/Dialog/DialogContent.base.js" => 1436,
  "webpack:///node_modules/office-ui-fabric-react/lib/components/Dialog/DialogContent.styles.js" => 1971,
  "webpack:///node_modules/office-ui-fabric-react/lib/components/Dialog/DialogContent.js" => 44,
  "webpack:///node_modules/office-ui-fabric-react/lib/components/Dialog/Dialog.base.js" => 2494,
  "webpack:///node_modules/office-ui-fabric-react/lib/components/Dialog/Dialog.styles.js" => 456,
  "webpack:///node_modules/office-ui-fabric-react/lib/components/Dialog/Dialog.js" => 37,
  "webpack:///node_modules/office-ui-fabric-react/lib/Dialog.js" => 405,
  "webpack:///node_modules/react/cjs/react.production.min.js" => 6469,
  "webpack:///node_modules/react-dom/cjs/react-dom.production.min.js" => 117788,
  "webpack:///node_modules/scheduler/index.js" => 18,
  "webpack:///node_modules/scheduler/cjs/scheduler.production.min.js" => 4642,
  "webpack:///packages/roosterjs-react/lib/index.ts" => 105,
  "webpack:///node_modules/roosterjs-html-sanitizer/lib/sanitizer/HtmlSanitizer.js" => 3706,
  "webpack:///node_modules/roosterjs-html-sanitizer/lib/utils/getAllowedValues.js" => 2686,
  "webpack:///node_modules/roosterjs-editor-types/lib/index.js" => 658,
  "webpack:///node_modules/roosterjs-editor-types/lib/browser/DocumentCommand.js" => 1456,
  "webpack:///node_modules/roosterjs-editor-types/lib/browser/DocumentPosition.js" => 281,
  "webpack:///node_modules/roosterjs-editor-types/lib/browser/NodeType.js" => 321,
  "webpack:///node_modules/roosterjs-editor-types/lib/enum/Alignment.js" => 157,
  "webpack:///node_modules/roosterjs-editor-types/lib/enum/ChangeSource.js" => 262,
  "webpack:///node_modules/roosterjs-editor-types/lib/enum/ContentPosition.js" => 252,
  "webpack:///node_modules/roosterjs-editor-types/lib/enum/Direction.js" => 160,
  "webpack:///node_modules/roosterjs-editor-types/lib/enum/FontSizeChange.js" => 158,
  "webpack:///node_modules/roosterjs-editor-types/lib/enum/Indentation.js" => 152,
  "webpack:///node_modules/roosterjs-editor-types/lib/enum/PasteOption.js" => 187,
  "webpack:///node_modules/roosterjs-editor-types/lib/enum/PositionType.js" => 185,
  "webpack:///node_modules/roosterjs-editor-types/lib/enum/QueryScope.js" => 181,
  "webpack:///node_modules/roosterjs-editor-types/lib/enum/TableOperation.js" => 542,
  "webpack:///node_modules/roosterjs-editor-types/lib/event/PluginEventType.js" => 604,
  "webpack:///node_modules/roosterjs-editor-dom/lib/contentTraverser/BodyScoper.js" => 635,
  "webpack:///node_modules/roosterjs-editor-dom/lib/contentTraverser/SelectionBlockScoper.js" => 1088,
  "webpack:///node_modules/roosterjs-editor-dom/lib/contentTraverser/SelectionScoper.js" => 1198,
  "webpack:///node_modules/roosterjs-editor-dom/lib/contentTraverser/PositionContentSearcher.js" => 2157,
  "webpack:///node_modules/roosterjs-editor-dom/lib/utils/applyFormat.js" => 483,
  "webpack:///node_modules/roosterjs-editor-dom/lib/utils/extractClipboardEvent.js" => 976,
  "webpack:///node_modules/roosterjs-editor-dom/lib/utils/getPendableFormatState.js" => 382,
  "webpack:///node_modules/roosterjs-editor-dom/lib/utils/isRtl.js" => 132,
  "webpack:///node_modules/roosterjs-editor-dom/lib/utils/matchLink.js" => 1331,
  "webpack:///node_modules/roosterjs-editor-dom/lib/utils/adjustNodeInsertPosition.js" => 1947,
  "webpack:///node_modules/roosterjs-editor-dom/lib/utils/getTextContent.js" => 237,
  "webpack:///node_modules/roosterjs-editor-dom/lib/selection/getPositionRect.js" => 753,
  "webpack:///node_modules/roosterjs-editor-dom/lib/selection/getHtmlWithSelectionPath.js" => 191,
  "webpack:///node_modules/roosterjs-editor-dom/lib/selection/setHtmlWithSelectionPath.js" => 301,
  "webpack:///node_modules/roosterjs-editor-dom/lib/snapshots/addSnapshot.js" => 359,
  "webpack:///node_modules/roosterjs-editor-dom/lib/snapshots/moveCurrentSnapsnot.js" => 163,
  "webpack:///node_modules/roosterjs-editor-dom/lib/snapshots/createSnapshots.js" => 132,
  "webpack:///node_modules/roosterjs-editor-core/lib/interfaces/ContentEditFeature.js" => 566,
  "webpack:///node_modules/roosterjs-editor-core/lib/editor/Editor.js" => 8144,
  "webpack:///node_modules/roosterjs-editor-core/lib/editor/adjustBrowserBehavior.js" => 344,
  "webpack:///node_modules/roosterjs-editor-core/lib/editor/createEditorCore.js" => 1643,
  "webpack:///node_modules/roosterjs-editor-core/lib/undo/UndoSnapshots.js" => 493,
  "webpack:///node_modules/roosterjs-editor-core/lib/coreAPI/attachDomEvent.js" => 388,
  "webpack:///node_modules/roosterjs-editor-core/lib/coreAPI/editWithUndo.js" => 495,
  "webpack:///node_modules/roosterjs-editor-core/lib/coreAPI/focus.js" => 374,
  "webpack:///node_modules/roosterjs-editor-core/lib/coreAPI/getCustomData.js" => 164,
  "webpack:///node_modules/roosterjs-editor-core/lib/coreAPI/getSelectionRange.js" => 298,
  "webpack:///node_modules/roosterjs-editor-core/lib/coreAPI/insertNode.js" => 1348,
  "webpack:///node_modules/roosterjs-editor-core/lib/coreAPI/selectRange.js" => 697,
  "webpack:///node_modules/roosterjs-editor-core/lib/coreAPI/triggerEvent.js" => 359,
  "webpack:///node_modules/roosterjs-editor-core/lib/editor/mapPluginEvents.js" => 258,
  "webpack:///node_modules/roosterjs-editor-core/lib/darkMode/convertContentToDarkMode.js" => 409,
  "webpack:///node_modules/roosterjs-editor-core/lib/eventApi/cacheGetElementAtCursor.js" => 186,
  "webpack:///node_modules/roosterjs-editor-core/lib/eventApi/isCtrlOrMetaPressed.js" => 147,
  "webpack:///node_modules/roosterjs-editor-api/lib/format/changeFontSize.js" => 753,
  "webpack:///node_modules/roosterjs-editor-api/lib/format/clearBlockFormat.js" => 1674,
  "webpack:///node_modules/roosterjs-editor-api/lib/format/clearFormat.js" => 907,
  "webpack:///node_modules/roosterjs-editor-api/lib/format/createLink.js" => 802,
  "webpack:///node_modules/roosterjs-editor-api/lib/format/getFormatState.js" => 1058,
  "webpack:///node_modules/roosterjs-editor-api/lib/format/insertImage.js" => 300,
  "webpack:///node_modules/roosterjs-editor-api/lib/table/insertTable.js" => 783,
  "webpack:///node_modules/roosterjs-editor-api/lib/table/editTable.js" => 284,
  "webpack:///node_modules/roosterjs-editor-api/lib/table/formatTable.js" => 248,
  "webpack:///node_modules/roosterjs-editor-api/lib/format/removeLink.js" => 191,
  "webpack:///node_modules/roosterjs-editor-api/lib/format/replaceWithNode.js" => 416,
  "webpack:///node_modules/roosterjs-editor-api/lib/format/setAlignment.js" => 315,
  "webpack:///node_modules/roosterjs-editor-api/lib/format/setDirection.js" => 262,
  "webpack:///node_modules/roosterjs-editor-api/lib/format/setImageAltText.js" => 198,
  "webpack:///node_modules/roosterjs-editor-api/lib/format/setIndentation.js" => 378,
  "webpack:///node_modules/roosterjs-editor-api/lib/format/toggleBullet.js" => 180,
  "webpack:///node_modules/roosterjs-editor-api/lib/format/toggleNumbering.js" => 178,
  "webpack:///node_modules/roosterjs-editor-api/lib/format/toggleBlockQuote.js" => 250,
  "webpack:///node_modules/roosterjs-editor-api/lib/format/toggleCodeBlock.js" => 324,
  "webpack:///node_modules/roosterjs-editor-api/lib/format/toggleStrikethrough.js" => 114,
  "webpack:///node_modules/roosterjs-editor-api/lib/format/toggleSubscript.js" => 110,
  "webpack:///node_modules/roosterjs-editor-api/lib/format/toggleSuperscript.js" => 112,
  "webpack:///node_modules/roosterjs-editor-api/lib/format/toggleHeader.js" => 660,
  "webpack:///node_modules/roosterjs-editor-plugins/lib/HyperLink/HyperLink.js" => 1209,
  "webpack:///node_modules/roosterjs-editor-plugins/lib/ContentEdit/ContentEdit.js" => 1398,
  "webpack:///node_modules/roosterjs-editor-plugins/lib/ContentEdit/features/autoLinkFeatures.js" => 1255,
  "webpack:///node_modules/roosterjs-editor-plugins/lib/ContentEdit/features/shortcutFeatures.js" => 950,
  "webpack:///node_modules/roosterjs-editor-plugins/lib/ContentEdit/features/insertLineBeforeStructuredNodeFeature.js" => 860,
  "webpack:///node_modules/roosterjs-editor-plugins/lib/ContentEdit/features/noCycleCursorMove.js" => 402,
  "webpack:///node_modules/roosterjs-editor-plugins/lib/ContentEdit/features/tableFeatures.js" => 1276,
  "webpack:///node_modules/roosterjs-editor-plugins/lib/ContentEdit/features/listFeatures.js" => 2466,
  "webpack:///node_modules/roosterjs-editor-plugins/lib/ContentEdit/features/quoteFeatures.js" => 1027,
  "webpack:///node_modules/roosterjs-editor-plugins/lib/Paste/Paste.js" => 2732,
  "webpack:///node_modules/roosterjs-editor-plugins/lib/Paste/buildClipboardData.js" => 739,
  "webpack:///node_modules/roosterjs-editor-plugins/lib/Paste/fragmentHandler.js" => 788,
  "webpack:///node_modules/roosterjs-editor-plugins/lib/Paste/excelConverter/convertPastedContentFromExcel.js" => 379,
  "webpack:///node_modules/roosterjs-editor-plugins/lib/Paste/wordConverter/convertPastedContentFromWord.js" => 446,
  "webpack:///node_modules/roosterjs-editor-plugins/lib/Paste/wordConverter/wordConverter.js" => 220,
  "webpack:///node_modules/roosterjs-editor-plugins/lib/Paste/wordConverter/WordConverterArguments.js" => 229,
  "webpack:///node_modules/roosterjs-editor-plugins/lib/Paste/wordConverter/converterUtils.js" => 4817,
  "webpack:///node_modules/roosterjs-editor-plugins/lib/Paste/officeOnlineConverter/convertPastedContentFromWordOnline.js" => 2242,
  "webpack:///node_modules/roosterjs-editor-plugins/lib/Paste/officeOnlineConverter/constants.js" => 444,
  "webpack:///node_modules/roosterjs-editor-plugins/lib/Paste/officeOnlineConverter/ListItemBlock.js" => 195,
  "webpack:///node_modules/roosterjs-editor-plugins/lib/Paste/textToHtml.js" => 566,
  "webpack:///node_modules/roosterjs-editor-plugins/lib/Watermark/Watermark.js" => 1852,
  "webpack:///node_modules/roosterjs-editor-plugins/lib/TableResize/TableResize.js" => 3586,
  "webpack:///node_modules/roosterjs-editor-plugins/lib/CustomReplace/CustomReplace.js" => 1922,
  "webpack:///node_modules/roosterjs-plugin-image-resize/lib/index.js" => 87,
  "webpack:///node_modules/roosterjs-plugin-image-resize/lib/ImageResize.js" => 5721,
  "webpack:///packages/roosterjs-react-common/lib/strings/strings.ts" => 132,
  "webpack:///packages/roosterjs-react-common/lib/utils/Core.ts" => 82,
  "webpack:///packages/roosterjs-react-common/lib/utils/ElementUtil.ts" => 142,
  "webpack:///packages/roosterjs-react-common/lib/utils/NonCompatFormatter.ts" => 608,
  "webpack:///packages/roosterjs-react-common/lib/scss/core.scss.g.ts" => 890,
  "webpack:///(webpack)/buildin/global.js" => 131,
  "webpack:///packages/roosterjs-react-common/lib/plugins/ContentChangedPlugin.ts" => 828,
  "webpack:///packages/roosterjs-react-common/lib/plugins/DoubleClickImagePlugin.ts" => 811,
  "webpack:///packages/roosterjs-react-common/lib/plugins/PasteImagePlugin.ts" => 913,
  "webpack:///packages/roosterjs-react-common/lib/plugins/IgnorePasteImagePlugin.ts" => 494,
  "webpack:///packages/roosterjs-react-common/lib/plugins/UndoWithImagePlugin.ts" => 1719,
  "webpack:///packages/roosterjs-react-common/lib/utils/Accessibility.ts" => 209,
  "webpack:///packages/roosterjs-react-command-bar/lib/index.ts" => 542,
  "webpack:///packages/roosterjs-react-command-bar/lib/components/RoosterCommandBar.tsx" => 5103,
  "webpack:///packages/roosterjs-react-command-bar/lib/components/RoosterCommandBar.scss.g.ts" => 7420,
  "webpack:///packages/roosterjs-react-editor/lib/utils/createEditorViewState.ts" => 103,
  "webpack:///packages/roosterjs-react-editor/lib/utils/createFormatState.ts" => 275,
  "webpack:///packages/roosterjs-react-editor/lib/components/FocusOutShell.tsx" => 1749,
  "webpack:///packages/roosterjs-react-editor/lib/components/LeanRooster.tsx" => 8296,
  "webpack:///packages/roosterjs-react-editor/lib/components/LeanRooster.scss.g.ts" => 285,
  "webpack:///packages/roosterjs-react-command-bar/lib/utils/OutOfBoxCommandBarButtons.ColorInfo.tsx" => 1986,
  "webpack:///packages/roosterjs-react-command-bar/lib/plugins/RoosterCommandBarPlugin.ts" => 2416,
  "webpack:///packages/roosterjs-react-command-bar/lib/components/LinkDialog.scss.g.ts" => 187,
  "webpack:///packages/roosterjs-react-command-bar/lib/plugins/RoosterCommandBarPlugin.Shortcuts.ts" => 1659,
  "webpack:///packages/roosterjs-react-emoji/lib/index.ts" => 38,
  "webpack:///packages/roosterjs-react-emoji/lib/plugins/EmojiPlugin.tsx" => 6999,
  "webpack:///packages/roosterjs-react-emoji/lib/components/EmojiPane.tsx" => 7447,
  "webpack:///packages/roosterjs-react-emoji/lib/components/EmojiIcon.tsx" => 544,
  "webpack:///packages/roosterjs-react-emoji/lib/components/EmojiNavBar.tsx" => 1050,
  "webpack:///packages/roosterjs-react-emoji/lib/components/EmojiNavBar.scss.g.ts" => 1014,
  "webpack:///packages/roosterjs-react-emoji/lib/components/EmojiStatusBar.tsx" => 956,
  "webpack:///packages/roosterjs-react-emoji/lib/components/EmojiStatusBar.scss.g.ts" => 950,
  "webpack:///node_modules/office-ui-fabric-react/lib/components/ResizeGroup/ResizeGroup.types.js" => 84,
  "webpack:///node_modules/office-ui-fabric-react/lib/components/OverflowSet/OverflowSet.base.js" => 3287,
  "webpack:///node_modules/office-ui-fabric-react/lib/components/OverflowSet/OverflowSet.styles.js" => 280,
  "webpack:///node_modules/office-ui-fabric-react/lib/components/OverflowSet/OverflowSet.js" => 43,
  "webpack:///node_modules/office-ui-fabric-react/lib/components/ResizeGroup/ResizeGroup.base.js" => 4021,
  "webpack:///node_modules/office-ui-fabric-react/lib/components/ResizeGroup/ResizeGroup.js" => 2,
  "webpack:///node_modules/office-ui-fabric-react/lib/components/CommandBar/CommandBar.base.js" => 3890,
  "webpack:///node_modules/office-ui-fabric-react/lib/components/CommandBar/CommandBar.js" => 41,
  "webpack:///node_modules/office-ui-fabric-react/lib/components/CommandBar/CommandBar.styles.js" => 378,
  "webpack:///node_modules/office-ui-fabric-react/lib/CommandBar.js" => 91,
  "webpack:///node_modules/office-ui-fabric-react/lib/components/Popup/Popup.js" => 2421,
  "webpack:///node_modules/office-ui-fabric-react/lib/components/FocusTrapZone/FocusTrapZone.js" => 5245,
  "webpack:///sample/script/FocusOutShellSample.tsx" => 4009,
  "webpack:///packages/roosterjs-react-emoji-resources/lib/index.ts" => 152,
  "webpack:///packages/roosterjs-react-emoji-resources/lib/strings/emojiStrings.ts" => 35134,
  "webpack:///sample/fabric/src/index.ts" => 182,
  "webpack:///sample/fabric/src/fabric-icons.ts" => 1215,
  "webpack:///sample/fabric/src/iconAliases.ts" => 219,
  "webpack:///node_modules/office-ui-fabric-react/lib/components/Layer/Layer.notification.js" => 152,
  "webpack:///node_modules/office-ui-fabric-react/lib/components/Fabric/Fabric.styles.js" => 312,
  "webpack:///node_modules/office-ui-fabric-react/lib/components/Fabric/Fabric.base.js" => 885,
  "webpack:///node_modules/office-ui-fabric-react/lib/components/Fabric/Fabric.js" => 43,
  "webpack:///node_modules/office-ui-fabric-react/lib/components/Layer/Layer.base.js" => 2398,
  "webpack:///node_modules/office-ui-fabric-react/lib/components/Layer/Layer.styles.js" => 371,
  "webpack:///node_modules/office-ui-fabric-react/lib/components/Layer/Layer.js" => 110,
  "webpack:///node_modules/office-ui-fabric-react/lib/utilities/keytips/KeytipUtils.js" => 229,
  "webpack:///node_modules/office-ui-fabric-react/lib/components/KeytipData/KeytipData.js" => 1205,
  "[sourceMappingURL]" => 44,
  "[unmapped]" => 1568,
  "[EOLs]" => 90,
}
`;
